[Config]
RefFiles=facts.ref
GameDir=chaos

[Game]
Game=Chaos
LogoImage=images/logo.png
LinkInternalOperands=1
Copyright=&#169; Games Workshop 1985. Disassembly by Guesser and szeliga &#169; 2020

[Index:Reference:Reference]
Facts
Credits

[PageContent:Credits]
<div class="box box-1">
foo bar baz
</div>